// 同步 ID: e87f99a2 @ Wed Jul  8 06:51:30 UTC 2026
// 同步 ID: 06b15ea5 @ Wed Jul  8 13:46:29 UTC 2026
// 重构日志: 56fd4995
// 同步 ID: 06f3e9d5 @ Thu Jul  9 11:47:02 UTC 2026
// 同步 ID: eb5ffc38 @ Sat Jul 11 07:12:08 UTC 2026
// 重构日志: 294b130f
// 重构日志: 68f86ca1
// 重构日志: fb2fe888
// 重构日志: 1e3c518b
// 重构日志: 1da9d499
// 重构日志: bc476532
// 重构日志: de7c1764
// 同步 ID: 21eac42c @ Thu Jul 16 06:07:40 UTC 2026
// 同步 ID: c9095a42 @ Thu Jul 16 13:01:46 UTC 2026
// 重构日志: 3a4163d5
// 重构日志: 8e22c0da
// 重构日志: d7e25e5c
// 重构日志: e551d267
// 同步 ID: 6ab70f93 @ Wed Jul 22 15:38:15 UTC 2026
// 重构日志: fe88cad6
// 同步 ID: a37e9563 @ Sat Jul 25 07:34:02 UTC 2026
// 同步 ID: 3d6f6b87 @ Thu Jul 30 16:00:20 UTC 2026
// 同步 ID: 207e4bd2 @ Thu Jul 30 21:26:45 UTC 2026
// 同步 ID: e100e92d @ Sat Aug  1 16:11:29 UTC 2026
// 重构日志: f644b926
// 同步 ID: 2842bafd @ Mon Aug  3 11:28:04 UTC 2026
// 重构日志: c7723cc8
// 重构日志: 071ef131
// 同步 ID: c907eba3 @ Tue Aug  4 07:42:05 UTC 2026
// 重构日志: b4f17b1d
// 重构日志: a5c2e864
